+-----+----------------------------+---------+------------------------------------------------------------------------------------------------------------------------------------------------------------------------------------------------------------------------------------------------------------------------------------------------+------------------------------------------------------------------------+---------+--------+--------------------------------------+---------+
| Тип | Дата                       | Ур.     | Сообщ.                                                                                                                                                                                                                                                                                         | Адр.                                                                   | Метод   | Статус | IP                                   | Процесс |
+-----+----------------------------+---------+------------------------------------------------------------------------------------------------------------------------------------------------------------------------------------------------------------------------------------------------------------------------------------------------+------------------------------------------------------------------------+---------+--------+--------------------------------------+---------+
| TA  | 2021-06-06 07:28:50        | WARNING | contrib/python/urllib3/urllib3/connectionpool.py:981: InsecureRequestWarning: Unverified HTTPS request is being made to host 'st-api.test.yandex-team.ru'. Adding certificate verification is strongly advised. See: https://urllib3.readthedocs.io/en/latest/advanced-usage.html#ssl-warnings |                                                                        |         |        |                                      |         |
|     |                            |         |   warnings.warn(                                                                                                                                                                                                                                                                               |                                                                        |         |        |                                      |         |
| TR  | 2021-06-06 07:28:50        | INFO    |                                                                                                                                                                                                                                                                                                | '/uiapi/records/4b6b155f-c954-4567-a46e-e2a8df8748f9/?prefer_master=0' | GET     | 200    | 2a02:6b8:0:40c:3c5e:a8e3:4bf6:f620   | 255     |
| TA  | 2021-06-06 08:30:05.496000 | ERROR   | mdh.core.integration.solomon: SolomonClient. Send failed.                                                                                                                                                                                                                                      |                                                                        |         |        |                                      | 204     |
|     |                            |         | Traceback (most recent call last):                                                                                                                                                                                                                                                             |                                                                        |         |        |                                      |         |
|     |                            |         |   File "contrib/python/urllib3/urllib3/connectionpool.py", line 426, in _make_request                                                                                                                                                                                                          |                                                                        |         |        |                                      |         |
|     |                            |         |     six.raise_from(e, None)                                                                                                                                                                                                                                                                    |                                                                        |         |        |                                      |         |
|     |                            |         | socket.timeout: The read operation timed out                                                                                                                                                                                                                                                   |                                                                        |         |        |                                      |         |
|     |                            |         | During handling of the above exception, another exception occurred:                                                                                                                                                                                                                            |                                                                        |         |        |                                      |         |
|     |                            |         | Traceback (most recent call last):                                                                                                                                                                                                                                                             |                                                                        |         |        |                                      |         |
|     |                            |         |   File "billing/mdh/src/mdh/core/integration/common.py", line 169, in request                                                                                                                                                                                                                  |                                                                        |         |        |                                      |         |
|     |                            |         |     response=getattr(self.session, method)(url, **method_kwargs),                                                                                                                                                                                                                              |                                                                        |         |        |                                      |         |
|     |                            |         |   File "contrib/python/requests/requests/adapters.py", line 529, in send                                                                                                                                                                                                                       |                                                                        |         |        |                                      |         |
|     |                            |         |     raise ReadTimeout(e, request=request)                                                                                                                                                                                                                                                      |                                                                        |         |        |                                      |         |
|     |                            |         | requests.exceptions.ReadTimeout: HTTPSConnectionPool(host='solomon-prestable.yandex.net', port=443): Read timed out. (read timeout=5)                                                                                                                                                          |                                                                        |         |        |                                      |         |
| TP  | 2021-06-06 08:30:05.496000 | WARNING | [deadlock-detector] a process holding a robust mutex died. recovering...                                                                                                                                                                                                                       |                                                                        |         |        |                                      |         |
|     |                            |         | ...The work of process 58096 is done. Seeya!                                                                                                                                                                                                                                                   |                                                                        |         |        |                                      |         |
|     |                            |         | worker 6 killed successfully (pid: 58096)                                                                                                                                                                                                                                                      |                                                                        |         |        |                                      |         |
|     |                            |         | Respawned uWSGI worker 6 (new pid: 117736)                                                                                                                                                                                                                                                     |                                                                        |         |        |                                      |         |
| TA  | 2021-06-06 08:30:07.745000 | DEBUG   | mdh.core.toolbox.tasks: Task startrek_sync_record processing finished.                                                                                                                                                                                                                         |                                                                        |         |        |                                      | 203     |
| TA  | 2021-06-06 08:30:22.436000 | DEBUG   | mdh.core.models.lock: Cleanup stale tasks for Lock                                                                                                                                                                                                                                             |                                                                        |         |        |                                      | 206     |
| TR  | 2021-06-06 17:18:06        | INFO    |                                                                                                                                                                                                                                                                                                | '/uiapi/references/nom_price/'                                         | OPTIONS | 200    | 2a02:6b8:0:40c:5cdb:c00c:a576:686f   | 117459  |
| TR  | 2022-02-28 12:22:20        | INFO    |                                                                                                                                                                                                                                                                                                | '/xmlrpc'                                                              | POST    | 200    | 2a02:6b8:c03:30b:8000:40af:f63a:8af6 | 3751    |
| TA  | 2022-02-28 15:22:33.223000 | INFO    | bcl.core.views.rpc: XMLRPC method FPSBankList called by 69                                                                                                                                                                                                                                     |                                                                        |         |        |                                      | 30213   |
+-----+----------------------------+---------+------------------------------------------------------------------------------------------------------------------------------------------------------------------------------------------------------------------------------------------------------------------------------------------------+------------------------------------------------------------------------+---------+--------+--------------------------------------+---------+
+--------+------------+
| Статус | Количество |
+--------+------------+
|        | 6          |
| 200    | 3          |
+--------+------------+
+--------------------------------------+--------+------------+
| IP                                   | Статус | Количество |
+--------------------------------------+--------+------------+
|                                      |        | 6          |
| 2a02:6b8:0:40c:3c5e:a8e3:4bf6:f620   | 200    | 1          |
| 2a02:6b8:0:40c:5cdb:c00c:a576:686f   | 200    | 1          |
| 2a02:6b8:c03:30b:8000:40af:f63a:8af6 | 200    | 1          |
+--------------------------------------+--------+------------+
